Table 1: Global
Name                 Type                 Val                  Size                 Offset               Nested Table         
printi               func                 null                 0                    0                    1                    
prints               func                 null                 0                    0                    2                    
readi                func                 null                 0                    0                    3                    
main                 func                 null                 0                    0                    4                    

Table 1: printi
ParamType: int,  RetType: void
Name                 Type                 Val                  Size                 Offset               Nested Table         
val                  int                  null                 4                    8                    null                 

Table 2: prints
ParamType: string,  RetType: void
Name                 Type                 Val                  Size                 Offset               Nested Table         
str                  string               null                 4                    8                    null                 

Table 3: readi
ParamType: ptr(int),  RetType: int
Name                 Type                 Val                  Size                 Offset               Nested Table         
ep                   ptr(int)             null                 4                    8                    null                 

Table 4: main
ParamType:  RetType: int
Name                 Type                 Val                  Size                 Offset               Nested Table         
i                    int                  null                 4                    -4                   null                 
j                    int                  null                 4                    -8                   null                 
a                    int                  null                 4                    -12                  null                 
b                    int                  null                 4                    -16                  null                 
t1                   int                  0                    4                    -20                  null                 
t2                   int                  0                    4                    -24                  null                 
t3                   int                  10                   4                    -28                  null                 
t4                   int                  null                 4                    -32                  null                 
t5                   int                  2                    4                    -36                  null                 
t6                   int                  null                 4                    -40                  null                 
t7                   void                 null                 4                    -44                  null                 
t8                   void                 null                 4                    -48                  null                 
t9                   void                 null                 4                    -52                  null                 
t10                  int                  0                    4                    -56                  null                 
t11                  int                  10                   4                    -60                  null                 
t12                  int                  null                 4                    -64                  null                 
t13                  int                  2                    4                    -68                  null                 
t14                  int                  null                 4                    -72                  null                 
t15                  void                 null                 4                    -76                  null                 
t16                  void                 null                 4                    -80                  null                 
t17                  void                 null                 4                    -84                  null                 
t18                  int                  0                    4                    -88                  null                 
t19                  int                  10                   4                    -92                  null                 
t20                  int                  null                 4                    -96                  null                 
t21                  int                  null                 4                    -100                 null                 
t22                  void                 null                 4                    -104                 null                 
t23                  void                 null                 4                    -108                 null                 
t24                  void                 null                 4                    -112                 null                 
t25                  int                  0                    4                    -116                 null                 
t26                  int                  10                   4                    -120                 null                 
t27                  int                  null                 4                    -124                 null                 
t28                  int                  1                    4                    -128                 null                 
t29                  int                  null                 4                    -132                 null                 
t30                  void                 null                 4                    -136                 null                 
t31                  void                 null                 4                    -140                 null                 
t32                  void                 null                 4                    -144                 null                 
t33                  int                  5                    4                    -148                 null                 
t34                  int                  4                    4                    -152                 null                 
t35                  int                  1                    4                    -156                 null                 
t36                  int                  0                    4                    -160                 null                 
t37                  void                 null                 4                    -164                 null                 
t38                  void                 null                 4                    -168                 null                 
t39                  void                 null                 4                    -172                 null                 
t40                  int                  0                    4                    -176                 null                 
t41                  int                  3                    4                    -180                 null                 
t42                  int                  null                 4                    -184                 null                 
t43                  int                  null                 4                    -188                 null                 
t44                  int                  0                    4                    -192                 null                 
t45                  int                  20                   4                    -196                 null                 
t46                  void                 null                 4                    -200                 null                 
t47                  int                  1                    4                    -204                 null                 
t48                  int                  21                   4                    -208                 null                 
t49                  void                 null                 4                    -212                 null                 
t50                  int                  2                    4                    -216                 null                 
t51                  int                  22                   4                    -220                 null                 
t52                  void                 null                 4                    -224                 null                 
t53                  void                 null                 4                    -228                 null                 
t54                  int                  0                    4                    -232                 null                 

