Table 1: Global
Name                 Type                 Val                  Size                 Offset               Nested Table         
printi               func                 null                 0                    0                    1                    
prints               func                 null                 0                    0                    2                    
readi                func                 null                 0                    0                    3                    
add                  func                 null                 0                    0                    4                    
max                  func                 null                 0                    0                    5                    
fib                  func                 null                 0                    0                    6                    
abs                  func                 null                 0                    0                    7                    
main                 func                 null                 0                    0                    8                    

Table 1: printi
ParamType: int,  RetType: void
Name                 Type                 Val                  Size                 Offset               Nested Table         
val                  int                  null                 4                    8                    null                 

Table 2: prints
ParamType: string,  RetType: void
Name                 Type                 Val                  Size                 Offset               Nested Table         
str                  string               null                 4                    8                    null                 

Table 3: readi
ParamType: ptr(int),  RetType: int
Name                 Type                 Val                  Size                 Offset               Nested Table         
ep                   ptr(int)             null                 4                    8                    null                 

Table 4: add
ParamType: int, int,  RetType: int
Name                 Type                 Val                  Size                 Offset               Nested Table         
a                    int                  null                 4                    8                    null                 
b                    int                  null                 4                    12                   null                 
t1                   int                  null                 4                    -4                   null                 

Table 5: max
ParamType: ptr(int), int,  RetType: int
Name                 Type                 Val                  Size                 Offset               Nested Table         
arr                  ptr(int)             null                 4                    8                    null                 
b                    int                  null                 4                    12                   null                 
t2                   int                  0                    4                    -4                   null                 
ma                   int                  null                 4                    -8                   null                 
i                    int                  null                 4                    -12                  null                 
t3                   int                  0                    4                    -16                  null                 
t4                   int                  null                 4                    -20                  null                 
t5                   int                  null                 4                    -24                  null                 
t6                   int                  null                 4                    -28                  null                 
t7                   int                  null                 4                    -32                  null                 
t8                   int                  null                 4                    -36                  null                 
t9                   int                  null                 4                    -40                  null                 

Table 6: fib
ParamType: int,  RetType: int
Name                 Type                 Val                  Size                 Offset               Nested Table         
n                    int                  null                 4                    8                    null                 
t10                  int                  0                    4                    -4                   null                 
t11                  int                  0                    4                    -8                   null                 
t12                  int                  1                    4                    -12                  null                 
t13                  int                  1                    4                    -16                  null                 
t14                  int                  1                    4                    -20                  null                 
t15                  int                  null                 4                    -24                  null                 
t16                  int                  null                 4                    -28                  null                 
t17                  int                  2                    4                    -32                  null                 
t18                  int                  null                 4                    -36                  null                 
t19                  int                  null                 4                    -40                  null                 
t20                  int                  null                 4                    -44                  null                 

Table 7: abs
ParamType: int,  RetType: int
Name                 Type                 Val                  Size                 Offset               Nested Table         
a                    int                  null                 4                    8                    null                 
t21                  int                  0                    4                    -4                   null                 
t22                  int                  null                 4                    -8                   null                 

Table 8: main
ParamType:  RetType: int
Name                 Type                 Val                  Size                 Offset               Nested Table         
i                    int                  null                 4                    -4                   null                 
t23                  int                  10                   4                    -8                   null                 
arr                  arr(10, int)         null                 40                   -48                  null                 
a                    int                  null                 4                    -52                  null                 
b                    int                  null                 4                    -56                  null                 
c                    int                  null                 4                    -60                  null                 
t24                  int                  0                    4                    -64                  null                 
t25                  int                  10                   4                    -68                  null                 
t26                  int                  null                 4                    -72                  null                 
t27                  int                  null                 4                    -76                  null                 
t28                  int                  null                 4                    -80                  null                 
t29                  int                  null                 4                    -84                  null                 
t30                  int                  5                    4                    -88                  null                 
t31                  int                  null                 4                    -92                  null                 
t32                  int                  null                 4                    -96                  null                 
t33                  int                  0                    4                    -100                 null                 
t34                  int                  10                   4                    -104                 null                 
t35                  int                  null                 4                    -108                 null                 
t36                  int                  null                 4                    -112                 null                 
t37                  void                 null                 4                    -116                 null                 
t38                  int                  null                 4                    -120                 null                 
t39                  int                  null                 4                    -124                 null                 
t40                  int                  null                 4                    -128                 null                 
t41                  void                 null                 4                    -132                 null                 
t42                  void                 null                 4                    -136                 null                 
t43                  ptr(int)             null                 4                    -140                 null                 
t44                  int                  10                   4                    -144                 null                 
t45                  int                  null                 4                    -148                 null                 
t46                  void                 null                 4                    -152                 null                 
t47                  void                 null                 4                    -156                 null                 
t48                  void                 null                 4                    -160                 null                 
t49                  int                  6                    4                    -164                 null                 
t50                  int                  null                 4                    -168                 null                 
t51                  void                 null                 4                    -172                 null                 
t52                  void                 null                 4                    -176                 null                 
t53                  void                 null                 4                    -180                 null                 
t54                  int                  null                 4                    -184                 null                 
t55                  void                 null                 4                    -188                 null                 
t56                  void                 null                 4                    -192                 null                 
t57                  void                 null                 4                    -196                 null                 
t58                  int                  20                   4                    -200                 null                 
t59                  int                  null                 4                    -204                 null                 
t60                  void                 null                 4                    -208                 null                 
t61                  void                 null                 4                    -212                 null                 
t62                  void                 null                 4                    -216                 null                 
t63                  int                  0                    4                    -220                 null                 

