0: LABEL main: 
1: t1 = 3
2: a = t1
3: t2 = 4
4: b = t2
5: t3 = 5
6: c = t3
7: t4 = a + b
8: d = t4
9: PARAM $.LC0
10: t5 = CALL prints, 1
11: PARAM d
12: t6 = CALL printi, 1
13: PARAM $.LC1
14: t7 = CALL prints, 1
15: t8 = a - b
16: d = t8
17: PARAM $.LC0
18: t9 = CALL prints, 1
19: PARAM d
20: t10 = CALL printi, 1
21: PARAM $.LC1
22: t11 = CALL prints, 1
23: t12 = a + b
24: t13 = t12 * c
25: t14 = b + c
26: t15 = a * t14
27: t16 = t13 - t15
28: d = t16
29: PARAM $.LC0
30: t17 = CALL prints, 1
31: PARAM d
32: t18 = CALL printi, 1
33: PARAM $.LC1
34: t19 = CALL prints, 1
35: t20 = b * c
36: t21 = t20 + a
37: t22 = 1
38: t23 = t21 + t22
39: t24 = 5
40: t25 = t23 % t24
41: d = t25
42: PARAM $.LC0
43: t26 = CALL prints, 1
44: PARAM d
45: t27 = CALL printi, 1
46: PARAM $.LC1
47: t28 = CALL prints, 1
48: IF a < b GOTO 50
49: GOTO 52
50: t29 = 1000
51: GOTO 54
52: t30 = 2000
53: GOTO 56
54: t31 = t29
55: GOTO 57
56: t31 = t30
57: d = t31
58: PARAM $.LC0
59: t32 = CALL prints, 1
60: PARAM d
61: t33 = CALL printi, 1
62: PARAM $.LC1
63: t34 = CALL prints, 1
64: t35 = 100
65: a = t35
66: t36 = 5
67: b = t36
68: t37 = 3
69: c = t37
70: t38 = a / b
71: d = t38
72: PARAM $.LC0
73: t39 = CALL prints, 1
74: PARAM d
75: t40 = CALL printi, 1
76: PARAM $.LC1
77: t41 = CALL prints, 1
78: t42 = 100
79: t43 = t42 / c
80: d = t43
81: PARAM $.LC0
82: t44 = CALL prints, 1
83: PARAM d
84: t45 = CALL printi, 1
85: PARAM $.LC1
86: t46 = CALL prints, 1
87: t47 = 3
88: t48 = 4
89: t49 = t47 + t48
90: t50 = 3
91: t51 = t49 / t50
92: t52 = t51 * a
93: d = t52
94: PARAM $.LC0
95: t53 = CALL prints, 1
96: PARAM d
97: t54 = CALL printi, 1
98: PARAM $.LC1
99: t55 = CALL prints, 1
100: t56 = 100
101: a = t56
102: t57 = 5
103: b = t57
104: t58 = 5
105: c = t58
106: IF a < b GOTO 108
107: GOTO 110
108: t59 = 1
109: GOTO 111
110: t59 = 0
111: d = t59
112: PARAM $.LC0
113: t60 = CALL prints, 1
114: PARAM d
115: t61 = CALL printi, 1
116: PARAM $.LC1
117: t62 = CALL prints, 1
118: IF a > b GOTO 120
119: GOTO 122
120: t63 = 1
121: GOTO 123
122: t63 = 0
123: d = t63
124: PARAM $.LC0
125: t64 = CALL prints, 1
126: PARAM d
127: t65 = CALL printi, 1
128: PARAM $.LC1
129: t66 = CALL prints, 1
130: IF b == c GOTO 132
131: GOTO 134
132: t67 = 1
133: GOTO 135
134: t67 = 0
135: d = t67
136: PARAM $.LC0
137: t68 = CALL prints, 1
138: PARAM d
139: t69 = CALL printi, 1
140: PARAM $.LC1
141: t70 = CALL prints, 1
142: IF b != c GOTO 144
143: GOTO 146
144: t71 = 1
145: GOTO 147
146: t71 = 0
147: d = t71
148: PARAM $.LC0
149: t72 = CALL prints, 1
150: PARAM d
151: t73 = CALL printi, 1
152: PARAM $.LC1
153: t74 = CALL prints, 1
154: IF b <= c GOTO 156
155: GOTO 158
156: t75 = 1
157: GOTO 159
158: t75 = 0
159: d = t75
160: PARAM $.LC0
161: t76 = CALL prints, 1
162: PARAM d
163: t77 = CALL printi, 1
164: PARAM $.LC1
165: t78 = CALL prints, 1
166: IF a < b GOTO 170
167: GOTO 168
168: IF b <= c GOTO 170
169: GOTO 172
170: t79 = 1
171: GOTO 173
172: t79 = 0
173: d = t79
174: PARAM $.LC0
175: t80 = CALL prints, 1
176: PARAM d
177: t81 = CALL printi, 1
178: PARAM $.LC1
179: t82 = CALL prints, 1
180: IF a < b GOTO 182
181: GOTO 186
182: IF b <= c GOTO 184
183: GOTO 186
184: t83 = 1
185: GOTO 187
186: t83 = 0
187: d = t83
188: PARAM $.LC0
189: t84 = CALL prints, 1
190: PARAM d
191: t85 = CALL printi, 1
192: PARAM $.LC1
193: t86 = CALL prints, 1
194: t87 = 0
195: RETURN t87
