0: LABEL add: 
1: t1 = b + a
2: a = t1
3: RETURN a
4: LABEL max: 
5: t2 = 0
6: ma = t2
7: t3 = 0
8: i = t3
9: IF i < b GOTO 15
10: GOTO 26
11: t5 = 1
12: t4 = i
13: i = i + t5
14: GOTO 9
15: t6 = i
16: t6 = t6 * 4
17: t7 = arr[t6]
18: IF ma < t7 GOTO 20
19: GOTO 11
20: t8 = i
21: t8 = t8 * 4
22: t9 = arr[t8]
23: ma = t9
24: GOTO 11
25: GOTO 11
26: RETURN ma
27: LABEL fib: 
28: t10 = 0
29: IF n == t10 GOTO 31
30: GOTO 34
31: t11 = 0
32: RETURN t11
33: GOTO 34
34: t12 = 1
35: IF n == t12 GOTO 37
36: GOTO 40
37: t13 = 1
38: RETURN t13
39: GOTO 40
40: t14 = 1
41: t15 = n - t14
42: PARAM t15
43: t16 = CALL fib, 1
44: t17 = 2
45: t18 = n - t17
46: PARAM t18
47: t19 = CALL fib, 1
48: t20 = t16 + t19
49: RETURN t20
50: LABEL abs: 
51: t21 = 0
52: IF a < t21 GOTO 54
53: GOTO 57
54: t22 = - a
55: RETURN t22
56: GOTO 57
57: RETURN a
58: LABEL main: 
59: t23 = 10
60: t24 = 0
61: i = t24
62: t25 = 10
63: IF i < t25 GOTO 69
64: GOTO 78
65: t27 = 1
66: t26 = i
67: i = i + t27
68: GOTO 62
69: t28 = & arr
70: t29 = i
71: t29 = t29 * 4
72: t30 = 5
73: t31 = i - t30
74: PARAM t31
75: t32 = CALL abs, 1
76: t28[t29] = t32
77: GOTO 65
78: t33 = 0
79: i = t33
80: t34 = 10
81: IF i < t34 GOTO 87
82: GOTO 98
83: t36 = 1
84: t35 = i
85: i = i + t36
86: GOTO 80
87: PARAM $.LC0
88: t37 = CALL prints, 1
89: t38 = & arr
90: t39 = i
91: t39 = t39 * 4
92: t40 = t38[t39]
93: PARAM t40
94: t41 = CALL printi, 1
95: PARAM $.LC1
96: t42 = CALL prints, 1
97: GOTO 83
98: t43 = & arr
99: t44 = 10
100: PARAM t44
101: PARAM t43
102: t45 = CALL max, 2
103: a = t45
104: PARAM $.LC2
105: t46 = CALL prints, 1
106: PARAM a
107: t47 = CALL printi, 1
108: PARAM $.LC1
109: t48 = CALL prints, 1
110: t49 = 6
111: PARAM t49
112: t50 = CALL fib, 1
113: b = t50
114: PARAM $.LC4
115: t51 = CALL prints, 1
116: PARAM b
117: t52 = CALL printi, 1
118: PARAM $.LC1
119: t53 = CALL prints, 1
120: PARAM b
121: PARAM a
122: t54 = CALL add, 2
123: c = t54
124: PARAM $.LC6
125: t55 = CALL prints, 1
126: PARAM c
127: t56 = CALL printi, 1
128: PARAM $.LC1
129: t57 = CALL prints, 1
130: t58 = 20
131: PARAM t58
132: t59 = CALL fib, 1
133: c = t59
134: PARAM $.LC8
135: t60 = CALL prints, 1
136: PARAM c
137: t61 = CALL printi, 1
138: PARAM $.LC1
139: t62 = CALL prints, 1
140: t63 = 0
141: RETURN t63
